
> analise-facial@0.1.0 dev
> vite --host


  VITE v5.4.21  ready in 611 ms

  ➜  Local:   http://localhost:5173/
  ➜  Network: http://192.168.18.12:5173/
13:48:25 [vite] hmr update /src/App.jsx, /src/index.css
13:48:25 [vite] Pre-transform error: /home/dambros/Analise-facial/frontend/src/pages/WaitingPage.jsx: Expected corresponding JSX closing tag for <CardContent>. (130:10)

  128 |               </Button>
  129 |             </div>
> 130 |           </Card>
      |           ^
  131 |         </Card>
  132 |       </div>
  133 |     </div>
13:48:25 [vite] Internal server error: /home/dambros/Analise-facial/frontend/src/pages/WaitingPage.jsx: Expected corresponding JSX closing tag for <CardContent>. (130:10)

  128 |               </Button>
  129 |             </div>
> 130 |           </Card>
      |           ^
  131 |         </Card>
  132 |       </div>
  133 |     </div>
  Plugin: vite:react-babel
  File: /home/dambros/Analise-facial/frontend/src/pages/WaitingPage.jsx:130:10
  128|                </Button>
  129|              </div>
  130|            </Card>
     |            ^
  131|          </Card>
  132|        </div>
      at constructor (/home/dambros/Analise-facial/frontend/node_modules/@babel/parser/lib/index.js:365:19)
      at JSXParserMixin.raise (/home/dambros/Analise-facial/frontend/node_modules/@babel/parser/lib/index.js:6616:19)
      at JSXParserMixin.jsxParseElementAt (/home/dambros/Analise-facial/frontend/node_modules/@babel/parser/lib/index.js:4739:16)
      at JSXParserMixin.jsxParseElementAt (/home/dambros/Analise-facial/frontend/node_modules/@babel/parser/lib/index.js:4710:32)
      at JSXParserMixin.jsxParseElementAt (/home/dambros/Analise-facial/frontend/node_modules/@babel/parser/lib/index.js:4710:32)
      at JSXParserMixin.jsxParseElementAt (/home/dambros/Analise-facial/frontend/node_modules/@babel/parser/lib/index.js:4710:32)
      at JSXParserMixin.jsxParseElement (/home/dambros/Analise-facial/frontend/node_modules/@babel/parser/lib/index.js:4761:17)
      at JSXParserMixin.parseExprAtom (/home/dambros/Analise-facial/frontend/node_modules/@babel/parser/lib/index.js:4771:19)
      at JSXParserMixin.parseExprSubscripts (/home/dambros/Analise-facial/frontend/node_modules/@babel/parser/lib/index.js:11098:23)
      at JSXParserMixin.parseUpdate (/home/dambros/Analise-facial/frontend/node_modules/@babel/parser/lib/index.js:11083:21)
      at JSXParserMixin.parseMaybeUnary (/home/dambros/Analise-facial/frontend/node_modules/@babel/parser/lib/index.js:11063:23)
      at JSXParserMixin.parseMaybeUnaryOrPrivate (/home/dambros/Analise-facial/frontend/node_modules/@babel/parser/lib/index.js:10916:61)
      at JSXParserMixin.parseExprOps (/home/dambros/Analise-facial/frontend/node_modules/@babel/parser/lib/index.js:10921:23)
      at JSXParserMixin.parseMaybeConditional (/home/dambros/Analise-facial/frontend/node_modules/@babel/parser/lib/index.js:10898:23)
      at JSXParserMixin.parseMaybeAssign (/home/dambros/Analise-facial/frontend/node_modules/@babel/parser/lib/index.js:10848:21)
      at /home/dambros/Analise-facial/frontend/node_modules/@babel/parser/lib/index.js:10817:39
      at JSXParserMixin.allowInAnd (/home/dambros/Analise-facial/frontend/node_modules/@babel/parser/lib/index.js:12443:12)
      at JSXParserMixin.parseMaybeAssignAllowIn (/home/dambros/Analise-facial/frontend/node_modules/@babel/parser/lib/index.js:10817:17)
      at JSXParserMixin.parseMaybeAssignAllowInOrVoidPattern (/home/dambros/Analise-facial/frontend/node_modules/@babel/parser/lib/index.js:12510:17)
      at JSXParserMixin.parseParenAndDistinguishExpression (/home/dambros/Analise-facial/frontend/node_modules/@babel/parser/lib/index.js:11692:28)
      at JSXParserMixin.parseExprAtom (/home/dambros/Analise-facial/frontend/node_modules/@babel/parser/lib/index.js:11348:23)
      at JSXParserMixin.parseExprAtom (/home/dambros/Analise-facial/frontend/node_modules/@babel/parser/lib/index.js:4776:20)
      at JSXParserMixin.parseExprSubscripts (/home/dambros/Analise-facial/frontend/node_modules/@babel/parser/lib/index.js:11098:23)
      at JSXParserMixin.parseUpdate (/home/dambros/Analise-facial/frontend/node_modules/@babel/parser/lib/index.js:11083:21)
      at JSXParserMixin.parseMaybeUnary (/home/dambros/Analise-facial/frontend/node_modules/@babel/parser/lib/index.js:11063:23)
      at JSXParserMixin.parseMaybeUnaryOrPrivate (/home/dambros/Analise-facial/frontend/node_modules/@babel/parser/lib/index.js:10916:61)
      at JSXParserMixin.parseExprOps (/home/dambros/Analise-facial/frontend/node_modules/@babel/parser/lib/index.js:10921:23)
      at JSXParserMixin.parseMaybeConditional (/home/dambros/Analise-facial/frontend/node_modules/@babel/parser/lib/index.js:10898:23)
      at JSXParserMixin.parseMaybeAssign (/home/dambros/Analise-facial/frontend/node_modules/@babel/parser/lib/index.js:10848:21)
      at JSXParserMixin.parseExpressionBase (/home/dambros/Analise-facial/frontend/node_modules/@babel/parser/lib/index.js:10801:23)
      at /home/dambros/Analise-facial/frontend/node_modules/@babel/parser/lib/index.js:10797:39
      at JSXParserMixin.allowInAnd (/home/dambros/Analise-facial/frontend/node_modules/@babel/parser/lib/index.js:12438:16)
      at JSXParserMixin.parseExpression (/home/dambros/Analise-facial/frontend/node_modules/@babel/parser/lib/index.js:10797:17)
      at JSXParserMixin.parseReturnStatement (/home/dambros/Analise-facial/frontend/node_modules/@babel/parser/lib/index.js:13159:28)
      at JSXParserMixin.parseStatementContent (/home/dambros/Analise-facial/frontend/node_modules/@babel/parser/lib/index.js:12815:21)
      at JSXParserMixin.parseStatementLike (/home/dambros/Analise-facial/frontend/node_modules/@babel/parser/lib/index.js:12784:17)
      at JSXParserMixin.parseStatementListItem (/home/dambros/Analise-facial/frontend/node_modules/@babel/parser/lib/index.js:12764:17)
      at JSXParserMixin.parseBlockOrModuleBlockBody (/home/dambros/Analise-facial/frontend/node_modules/@babel/parser/lib/index.js:13333:61)
      at JSXParserMixin.parseBlockBody (/home/dambros/Analise-facial/frontend/node_modules/@babel/parser/lib/index.js:13326:10)
      at JSXParserMixin.parseBlock (/home/dambros/Analise-facial/frontend/node_modules/@babel/parser/lib/index.js:13314:10)
      at JSXParserMixin.parseFunctionBody (/home/dambros/Analise-facial/frontend/node_modules/@babel/parser/lib/index.js:12117:24)
      at JSXParserMixin.parseFunctionBodyAndFinish (/home/dambros/Analise-facial/frontend/node_modules/@babel/parser/lib/index.js:12103:10)
      at /home/dambros/Analise-facial/frontend/node_modules/@babel/parser/lib/index.js:13462:12
      at JSXParserMixin.withSmartMixTopicForbiddingContext (/home/dambros/Analise-facial/frontend/node_modules/@babel/parser/lib/index.js:12420:14)
      at JSXParserMixin.parseFunction (/home/dambros/Analise-facial/frontend/node_modules/@babel/parser/lib/index.js:13461:10)
      at JSXParserMixin.parseExportDefaultExpression (/home/dambros/Analise-facial/frontend/node_modules/@babel/parser/lib/index.js:13924:19)
      at JSXParserMixin.parseExport (/home/dambros/Analise-facial/frontend/node_modules/@babel/parser/lib/index.js:13845:25)
      at JSXParserMixin.parseStatementContent (/home/dambros/Analise-facial/frontend/node_modules/@babel/parser/lib/index.js:12895:27)
      at JSXParserMixin.parseStatementLike (/home/dambros/Analise-facial/frontend/node_modules/@babel/parser/lib/index.js:12784:17)
      at JSXParserMixin.parseModuleItem (/home/dambros/Analise-facial/frontend/node_modules/@babel/parser/lib/index.js:12761:17)
13:48:25 [vite] Internal server error: /home/dambros/Analise-facial/frontend/src/pages/WaitingPage.jsx: Expected corresponding JSX closing tag for <CardContent>. (130:10)

  128 |               </Button>
  129 |             </div>
> 130 |           </Card>
      |           ^
  131 |         </Card>
  132 |       </div>
  133 |     </div>
  Plugin: vite:react-babel
  File: /home/dambros/Analise-facial/frontend/src/pages/WaitingPage.jsx:130:10
  128|                </Button>
  129|              </div>
  130|            </Card>
     |            ^
  131|          </Card>
  132|        </div>
      at constructor (/home/dambros/Analise-facial/frontend/node_modules/@babel/parser/lib/index.js:365:19)
      at JSXParserMixin.raise (/home/dambros/Analise-facial/frontend/node_modules/@babel/parser/lib/index.js:6616:19)
      at JSXParserMixin.jsxParseElementAt (/home/dambros/Analise-facial/frontend/node_modules/@babel/parser/lib/index.js:4739:16)
      at JSXParserMixin.jsxParseElementAt (/home/dambros/Analise-facial/frontend/node_modules/@babel/parser/lib/index.js:4710:32)
      at JSXParserMixin.jsxParseElementAt (/home/dambros/Analise-facial/frontend/node_modules/@babel/parser/lib/index.js:4710:32)
      at JSXParserMixin.jsxParseElementAt (/home/dambros/Analise-facial/frontend/node_modules/@babel/parser/lib/index.js:4710:32)
      at JSXParserMixin.jsxParseElement (/home/dambros/Analise-facial/frontend/node_modules/@babel/parser/lib/index.js:4761:17)
      at JSXParserMixin.parseExprAtom (/home/dambros/Analise-facial/frontend/node_modules/@babel/parser/lib/index.js:4771:19)
      at JSXParserMixin.parseExprSubscripts (/home/dambros/Analise-facial/frontend/node_modules/@babel/parser/lib/index.js:11098:23)
      at JSXParserMixin.parseUpdate (/home/dambros/Analise-facial/frontend/node_modules/@babel/parser/lib/index.js:11083:21)
      at JSXParserMixin.parseMaybeUnary (/home/dambros/Analise-facial/frontend/node_modules/@babel/parser/lib/index.js:11063:23)
      at JSXParserMixin.parseMaybeUnaryOrPrivate (/home/dambros/Analise-facial/frontend/node_modules/@babel/parser/lib/index.js:10916:61)
      at JSXParserMixin.parseExprOps (/home/dambros/Analise-facial/frontend/node_modules/@babel/parser/lib/index.js:10921:23)
      at JSXParserMixin.parseMaybeConditional (/home/dambros/Analise-facial/frontend/node_modules/@babel/parser/lib/index.js:10898:23)
      at JSXParserMixin.parseMaybeAssign (/home/dambros/Analise-facial/frontend/node_modules/@babel/parser/lib/index.js:10848:21)
      at /home/dambros/Analise-facial/frontend/node_modules/@babel/parser/lib/index.js:10817:39
      at JSXParserMixin.allowInAnd (/home/dambros/Analise-facial/frontend/node_modules/@babel/parser/lib/index.js:12443:12)
      at JSXParserMixin.parseMaybeAssignAllowIn (/home/dambros/Analise-facial/frontend/node_modules/@babel/parser/lib/index.js:10817:17)
      at JSXParserMixin.parseMaybeAssignAllowInOrVoidPattern (/home/dambros/Analise-facial/frontend/node_modules/@babel/parser/lib/index.js:12510:17)
      at JSXParserMixin.parseParenAndDistinguishExpression (/home/dambros/Analise-facial/frontend/node_modules/@babel/parser/lib/index.js:11692:28)
      at JSXParserMixin.parseExprAtom (/home/dambros/Analise-facial/frontend/node_modules/@babel/parser/lib/index.js:11348:23)
      at JSXParserMixin.parseExprAtom (/home/dambros/Analise-facial/frontend/node_modules/@babel/parser/lib/index.js:4776:20)
      at JSXParserMixin.parseExprSubscripts (/home/dambros/Analise-facial/frontend/node_modules/@babel/parser/lib/index.js:11098:23)
      at JSXParserMixin.parseUpdate (/home/dambros/Analise-facial/frontend/node_modules/@babel/parser/lib/index.js:11083:21)
      at JSXParserMixin.parseMaybeUnary (/home/dambros/Analise-facial/frontend/node_modules/@babel/parser/lib/index.js:11063:23)
      at JSXParserMixin.parseMaybeUnaryOrPrivate (/home/dambros/Analise-facial/frontend/node_modules/@babel/parser/lib/index.js:10916:61)
      at JSXParserMixin.parseExprOps (/home/dambros/Analise-facial/frontend/node_modules/@babel/parser/lib/index.js:10921:23)
      at JSXParserMixin.parseMaybeConditional (/home/dambros/Analise-facial/frontend/node_modules/@babel/parser/lib/index.js:10898:23)
      at JSXParserMixin.parseMaybeAssign (/home/dambros/Analise-facial/frontend/node_modules/@babel/parser/lib/index.js:10848:21)
      at JSXParserMixin.parseExpressionBase (/home/dambros/Analise-facial/frontend/node_modules/@babel/parser/lib/index.js:10801:23)
      at /home/dambros/Analise-facial/frontend/node_modules/@babel/parser/lib/index.js:10797:39
      at JSXParserMixin.allowInAnd (/home/dambros/Analise-facial/frontend/node_modules/@babel/parser/lib/index.js:12438:16)
      at JSXParserMixin.parseExpression (/home/dambros/Analise-facial/frontend/node_modules/@babel/parser/lib/index.js:10797:17)
      at JSXParserMixin.parseReturnStatement (/home/dambros/Analise-facial/frontend/node_modules/@babel/parser/lib/index.js:13159:28)
      at JSXParserMixin.parseStatementContent (/home/dambros/Analise-facial/frontend/node_modules/@babel/parser/lib/index.js:12815:21)
      at JSXParserMixin.parseStatementLike (/home/dambros/Analise-facial/frontend/node_modules/@babel/parser/lib/index.js:12784:17)
      at JSXParserMixin.parseStatementListItem (/home/dambros/Analise-facial/frontend/node_modules/@babel/parser/lib/index.js:12764:17)
      at JSXParserMixin.parseBlockOrModuleBlockBody (/home/dambros/Analise-facial/frontend/node_modules/@babel/parser/lib/index.js:13333:61)
      at JSXParserMixin.parseBlockBody (/home/dambros/Analise-facial/frontend/node_modules/@babel/parser/lib/index.js:13326:10)
      at JSXParserMixin.parseBlock (/home/dambros/Analise-facial/frontend/node_modules/@babel/parser/lib/index.js:13314:10)
      at JSXParserMixin.parseFunctionBody (/home/dambros/Analise-facial/frontend/node_modules/@babel/parser/lib/index.js:12117:24)
      at JSXParserMixin.parseFunctionBodyAndFinish (/home/dambros/Analise-facial/frontend/node_modules/@babel/parser/lib/index.js:12103:10)
      at /home/dambros/Analise-facial/frontend/node_modules/@babel/parser/lib/index.js:13462:12
      at JSXParserMixin.withSmartMixTopicForbiddingContext (/home/dambros/Analise-facial/frontend/node_modules/@babel/parser/lib/index.js:12420:14)
      at JSXParserMixin.parseFunction (/home/dambros/Analise-facial/frontend/node_modules/@babel/parser/lib/index.js:13461:10)
      at JSXParserMixin.parseExportDefaultExpression (/home/dambros/Analise-facial/frontend/node_modules/@babel/parser/lib/index.js:13924:19)
      at JSXParserMixin.parseExport (/home/dambros/Analise-facial/frontend/node_modules/@babel/parser/lib/index.js:13845:25)
      at JSXParserMixin.parseStatementContent (/home/dambros/Analise-facial/frontend/node_modules/@babel/parser/lib/index.js:12895:27)
      at JSXParserMixin.parseStatementLike (/home/dambros/Analise-facial/frontend/node_modules/@babel/parser/lib/index.js:12784:17)
      at JSXParserMixin.parseModuleItem (/home/dambros/Analise-facial/frontend/node_modules/@babel/parser/lib/index.js:12761:17)
13:49:12 [vite] hmr update /src/index.css, /src/App.jsx
13:55:49 [vite] hmr update /src/pages/SignupPage.jsx, /src/index.css
14:38:43 [vite] hmr update /src/pages/WaitingPage.jsx, /src/index.css
14:38:50 [vite] hmr update /src/pages/WaitingPage.jsx, /src/index.css
14:54:23 [vite] .env changed, restarting server...
14:54:23 [vite] server restarted.
15:04:05 [vite] hmr update /src/pages/SignupPage.jsx, /src/index.css
15:04:17 [vite] hmr update /src/pages/SignupPage.jsx, /src/index.css
15:04:28 [vite] hmr update /src/pages/SignupPage.jsx, /src/index.css
15:04:40 [vite] hmr update /src/pages/SignupPage.jsx, /src/index.css
15:04:48 [vite] hmr update /src/index.css, /src/context/AuthContext.jsx, /src/pages/CheckoutSimulationPage.jsx, /src/components/evaluation/FaceAnalyzer.jsx, /src/pages/CheckoutPendingPage.jsx, /src/pages/AdminDashboardPage.jsx, /src/pages/ProfilePage.jsx, /src/pages/VerificarEmailPage.jsx
15:04:48 [vite] hmr invalidate /src/context/AuthContext.jsx Could not Fast Refresh ("useAuth" export is incompatible). Learn more at https://github.com/vitejs/vite-plugin-react/tree/main/packages/plugin-react#consistent-components-exports
15:04:48 [vite] page reload src/context/AuthContext.jsx
15:07:28 [vite] hmr update /src/index.css, /src/context/AuthContext.jsx, /src/pages/CheckoutSimulationPage.jsx, /src/components/evaluation/FaceAnalyzer.jsx, /src/pages/CheckoutPendingPage.jsx, /src/pages/AdminDashboardPage.jsx, /src/pages/ProfilePage.jsx, /src/pages/VerificarEmailPage.jsx
15:07:29 [vite] hmr invalidate /src/context/AuthContext.jsx Could not Fast Refresh ("useAuth" export is incompatible). Learn more at https://github.com/vitejs/vite-plugin-react/tree/main/packages/plugin-react#consistent-components-exports
15:07:29 [vite] page reload src/context/AuthContext.jsx
15:07:42 [vite] hmr update /src/index.css, /src/context/AuthContext.jsx, /src/pages/CheckoutSimulationPage.jsx, /src/components/evaluation/FaceAnalyzer.jsx, /src/pages/CheckoutPendingPage.jsx, /src/pages/AdminDashboardPage.jsx, /src/pages/ProfilePage.jsx, /src/pages/VerificarEmailPage.jsx
15:07:42 [vite] hmr invalidate /src/context/AuthContext.jsx Could not Fast Refresh ("useAuth" export is incompatible). Learn more at https://github.com/vitejs/vite-plugin-react/tree/main/packages/plugin-react#consistent-components-exports
15:07:42 [vite] page reload src/context/AuthContext.jsx
15:07:53 [vite] hmr update /src/index.css, /src/context/AuthContext.jsx, /src/pages/CheckoutSimulationPage.jsx, /src/components/evaluation/FaceAnalyzer.jsx, /src/pages/CheckoutPendingPage.jsx, /src/pages/AdminDashboardPage.jsx, /src/pages/ProfilePage.jsx, /src/pages/VerificarEmailPage.jsx
15:07:54 [vite] hmr invalidate /src/context/AuthContext.jsx Could not Fast Refresh ("useAuth" export is incompatible). Learn more at https://github.com/vitejs/vite-plugin-react/tree/main/packages/plugin-react#consistent-components-exports
15:07:54 [vite] page reload src/context/AuthContext.jsx
15:45:53 [vite] hmr update /src/pages/WaitingPage.jsx, /src/index.css
15:48:52 [vite] hmr update /src/pages/SignupPage.jsx, /src/index.css
15:48:53 [vite] hmr update /src/pages/SignupPage.jsx, /src/index.css
15:48:53 [vite] hmr update /src/pages/SignupPage.jsx, /src/index.css
15:48:58 [vite] hmr update /src/pages/LoginPage.jsx, /src/index.css
15:48:58 [vite] hmr update /src/pages/LoginPage.jsx, /src/index.css
15:49:02 [vite] hmr update /src/pages/ResetPasswordPage.jsx, /src/index.css
15:49:03 [vite] hmr update /src/pages/ResetPasswordPage.jsx, /src/index.css
15:49:03 [vite] hmr update /src/pages/ResetPasswordPage.jsx, /src/index.css
15:49:10 [vite] hmr update /src/pages/ResetPasswordPage.jsx, /src/index.css
15:49:16 [vite] hmr update /src/pages/ChangePasswordPage.jsx, /src/index.css
15:49:17 [vite] hmr update /src/pages/ChangePasswordPage.jsx, /src/index.css
15:49:17 [vite] hmr update /src/pages/ChangePasswordPage.jsx, /src/index.css
15:49:29 [vite] hmr update /src/pages/ChangePasswordPage.jsx, /src/index.css
15:49:29 [vite] hmr update /src/pages/ProfessionalLoginPage.jsx, /src/index.css
15:49:30 [vite] hmr update /src/pages/ProfessionalLoginPage.jsx, /src/index.css
15:50:10 [vite] hmr update /src/pages/SignupPage.jsx, /src/index.css
15:50:10 [vite] hmr update /src/pages/LoginPage.jsx, /src/index.css
15:50:11 [vite] hmr update /src/pages/ResetPasswordPage.jsx, /src/index.css
15:50:11 [vite] hmr update /src/pages/ChangePasswordPage.jsx, /src/index.css
15:50:12 [vite] hmr update /src/pages/ProfessionalLoginPage.jsx, /src/index.css
15:57:38 [vite] hmr update /src/pages/WaitingPage.jsx, /src/index.css
15:57:42 [vite] hmr update /src/pages/WaitingPage.jsx, /src/index.css
15:57:42 [vite] hmr update /src/pages/WaitingPage.jsx, /src/index.css
15:57:43 [vite] hmr update /src/pages/WaitingPage.jsx, /src/index.css
16:32:16 [vite] hmr update /src/pages/EmailConfirmadoPage.jsx, /src/index.css
16:42:41 [vite] hmr update /src/pages/WaitingPage.jsx, /src/index.css
16:42:43 [vite] hmr update /src/pages/WaitingPage.jsx, /src/index.css
16:42:51 [vite] hmr update /src/pages/WaitingPage.jsx, /src/index.css
17:36:22 [vite] hmr update /src/pages/ResetPasswordPage.jsx, /src/index.css
17:36:30 [vite] hmr update /src/pages/ResetPasswordPage.jsx, /src/index.css
