INFO:     Will watch for changes in these directories: ['/home/dambros/Analise-facial/backend']
INFO:     Uvicorn running on http://127.0.0.1:8000 (Press CTRL+C to quit)
INFO:     Started reloader process [49867] using WatchFiles
INFO:     Started server process [49869]
INFO:     Waiting for application startup.
INFO:     Application startup complete.
INFO:     127.0.0.1:57492 - "POST /api/v1/auth/register HTTP/1.1" 201 Created
WARNING:  WatchFiles detected changes in 'app/core/config.py'. Reloading...
INFO:     Shutting down
INFO:     Waiting for application shutdown.
INFO:     Application shutdown complete.
INFO:     Finished server process [49869]
INFO:     Started server process [61254]
INFO:     Waiting for application startup.
INFO:     Application startup complete.
WARNING:  WatchFiles detected changes in 'app/core/config.py'. Reloading...
INFO:     Shutting down
INFO:     Waiting for application shutdown.
INFO:     Application shutdown complete.
INFO:     Finished server process [61254]
INFO:     Started server process [64085]
INFO:     Waiting for application startup.
INFO:     Application startup complete.
INFO:     Shutting down
INFO:     Waiting for application shutdown.
INFO:     Application shutdown complete.
INFO:     Finished server process [64085]
INFO:     Stopping reloader process [49867]
